/var/spool/slurmd/job17991571/slurm_script: line 14: conda: command not found
Running "module reset". Resetting modules to system default. The following $MODULEPATH directories have been removed: /sw/rh9.4/spack/default/modules/lmod/linux-rhel9-x86_64/Core
=====================================================
Conda-Forge PyTorch 2.8 Environment Loaded Successfully!
=====================================================

To activate the environment:
  conda activate base

If 'conda activate' fails, use:
  source $CONDA_PREFIX/etc/profile.d/conda.sh && conda activate base

To verify PyTorch installation:
  python -c "import torch; print(f'PyTorch {torch.__version__} CUDA:
{torch.cuda.is_available()}')"

Environment includes:
  - PyTorch 2.8 with CUDA 12.8 support
  - Scientific Python stack (numpy, scipy, pandas)
  - ML libraries (transformers, lightning, timm)
  - Cray PE integration with optimized MPI

For Jupyter notebook support:
  setup-kernel (creates Jupyter kernel for this environment)

For distributed training, load:
  module load aws-ofi-nccl/1.14.2

Ready for single-node and distributed training!
=====================================================

/usr/share/lmod/lmod/init/bash: line 259: : command not found
Traceback (most recent call last):
  File "/u/eergun/.local/lib/python3.9/site-packages/numpy/_core/__init__.py", line 23, in <module>
    from . import multiarray
  File "/u/eergun/.local/lib/python3.9/site-packages/numpy/_core/multiarray.py", line 10, in <module>
    from . import overrides
  File "/u/eergun/.local/lib/python3.9/site-packages/numpy/_core/overrides.py", line 8, in <module>
    from numpy._core._multiarray_umath import (
ImportError: libscipy_openblas64_-99b71e71.so: cannot open shared object file: No such file or directory

During handling of the above exception, another exception occurred:

Traceback (most recent call last):
  File "/u/eergun/.local/lib/python3.9/site-packages/numpy/__init__.py", line 114, in <module>
    from numpy.__config__ import show as show_config
  File "/u/eergun/.local/lib/python3.9/site-packages/numpy/__config__.py", line 4, in <module>
    from numpy._core._multiarray_umath import (
  File "/u/eergun/.local/lib/python3.9/site-packages/numpy/_core/__init__.py", line 49, in <module>
    raise ImportError(msg)
ImportError: 

IMPORTANT: PLEASE READ THIS FOR ADVICE ON HOW TO SOLVE THIS ISSUE!

Importing the numpy C-extensions failed. This error can happen for
many reasons, often due to issues with your setup or how NumPy was
installed.

We have compiled some common reasons and troubleshooting tips at:

    https://numpy.org/devdocs/user/troubleshooting-importerror.html

Please note and check the following:

  * The Python version is: Python3.9 from "/usr/bin/python"
  * The NumPy version is: "2.0.2"

and make sure that they are the versions you expect.
Please carefully study the documentation linked above for further help.

Original error was: libscipy_openblas64_-99b71e71.so: cannot open shared object file: No such file or directory


The above exception was the direct cause of the following exception:

Traceback (most recent call last):
  File "/work/hdd/bcyi/eergun/shortformer/train.py", line 10, in <module>
    from fairseq_cli.train import cli_main
  File "/work/hdd/bcyi/eergun/shortformer/fairseq_cli/train.py", line 17, in <module>
    import numpy as np
  File "/u/eergun/.local/lib/python3.9/site-packages/numpy/__init__.py", line 119, in <module>
    raise ImportError(msg) from e
ImportError: Error importing numpy: you should not try to import numpy from
        its source directory; please exit the numpy source tree, and relaunch
        your python interpreter from there.
